{a,b,c}
{a,eps}
{b,eps}
{a,c}
{$}
{$,a,b,c}
{$,a,c}
{$,a}
