{a,b,c,eps}
{a,eps}
{b,eps}
{a,c,eps}
{$}
{$,a,b,c}
{$,a,c}
{$,a}
